{
    "type": "NodeList",
    "children": [
        {
            "type": "MacroNode",
            "children": [
                {
                    "type": "TextNode",
                    "value": "\n    "
                },
                {
                    "type": "CallNode",
                    "children": [],
                    "name": "e_headline",
                    "arguments": [
                        {
                            "type": "ArgumentNode",
                            "value": {
                                "type": "ExpressionNode",
                                "children": [
                                    {
                                        "type": "VariableNode",
                                        "fields": [
                                            "model",
                                            "headline"
                                        ]
                                    }
                                ]
                            },
                            "name": "text"
                        },
                        {
                            "type": "ArgumentNode",
                            "value": {
                                "type": "ExpressionNode",
                                "children": [
                                    {
                                        "type": "LiteralNode",
                                        "value": 3
                                    }
                                ]
                            },
                            "name": "level"
                        },
                        {
                            "type": "ArgumentNode",
                            "value": {
                                "type": "ExpressionNode",
                                "children": [
                                    {
                                        "type": "VariableNode",
                                        "fields": [
                                            "renamed_type"
                                        ]
                                    },
                                    {
                                        "type": "OperandNode",
                                        "value": "+"
                                    },
                                    {
                                        "type": "LiteralNode",
                                        "value": "__headline"
                                    }
                                ]
                            },
                            "name": "type"
                        }
                    ]
                },
                {
                    "type": "TextNode",
                    "value": "\n"
                }
            ],
            "name": "m_teaser",
            "parameters": [
                {
                    "type": "ParameterNode",
                    "name": "model"
                },
                {
                    "type": "ParameterNode",
                    "name": "type"
                }
            ]
        },
        {
            "type": "TextNode",
            "value": "\n"
        }
    ]
}
