{
    "type": "NodeList",
    "children": [
        {
            "type": "TextNode",
            "value": "Hello "
        },
        {
            "type": "OutputNode",
            "children": [
                {
                    "type": "VariableNode",
                    "fields": [
                        "world"
                    ]
                }
            ]
        },
        {
            "type": "TextNode",
            "value": "!\n"
        }
    ]
}
