{
    "type": "NodeList",
    "children": [
        {
            "type": "SetNode",
            "variable": {
                "type": "VariableNode",
                "fields": [
                    "map"
                ]
            },
            "value": {
                "type": "ExpressionNode",
                "children": [
                    {
                        "type": "ComplexVariableNode",
                        "value": {
                            "name": "foo",
                            "index": 1,
                            "options": {
                                "key": "value"
                            }
                        }
                    }
                ]
            }
        },
        {
            "type": "TextNode",
            "value": "\n"
        },
        {
            "type": "SetNode",
            "variable": {
                "type": "VariableNode",
                "fields": [
                    "breakpoints"
                ]
            },
            "value": {
                "type": "ExpressionNode",
                "children": [
                    {
                        "type": "ComplexVariableNode",
                        "value": [
                            {
                                "breakpoint": "miniTabletAndAbove",
                                "aspect": "5x2",
                                "width": 1680
                            },
                            {
                                "breakpoint": "phabletAndBelow",
                                "aspect": "10x7",
                                "width": 800
                            }
                        ]
                    }
                ]
            }
        },
        {
            "type": "TextNode",
            "value": "\n"
        }
    ]
}
